// Jest Snapshot v1, https://goo.gl/fbAQLP

exports[`ProductBreakdown matches snapshot 1`] = `
<div>
  <div>
    <div
      className="product-breakdown"
    >
      <div
        className="progress-box"
      >
        <div>
           
          Size
           
        </div>
        <div
          className="progress-bar"
        >
          <div
            style={
              Object {
                "textAlign": "right",
                "width": "60%",
              }
            }
          >
             
            <img
              alt="downArrow_57235"
              className={null}
              data-id={null}
              onClick={null}
              src="data:image/gif;base64,R0lGODlhAQABAAAAACH5BAEKAAEALAAAAAABAAEAAAICTAEAOw=="
            />
             
          </div>
        </div>
        <div
          className="progress-filler-desc"
        >
          <label
            className="progress-desc"
          >
             
            Too small
          </label>
          <label
            className="progress-desc"
          >
             
            Perfect
          </label>
          <label
            className="progress-desc"
          >
             
            Too big
          </label>
        </div>
      </div>
    </div>
  </div>
  <div>
    <div
      className="product-breakdown"
    >
      <div
        className="progress-box"
      >
        <div>
           
          Width
           
        </div>
        <div
          className="progress-bar"
        >
          <div
            style={
              Object {
                "textAlign": "right",
                "width": "63%",
              }
            }
          >
             
            <img
              alt="downArrow_57236"
              className={null}
              data-id={null}
              onClick={null}
              src="data:image/gif;base64,R0lGODlhAQABAAAAACH5BAEKAAEALAAAAAABAAEAAAICTAEAOw=="
            />
             
          </div>
        </div>
        <div
          className="progress-filler-desc"
        >
          <label
            className="progress-desc"
          >
             
            Too small
          </label>
          <label
            className="progress-desc"
          >
             
            Perfect
          </label>
          <label
            className="progress-desc"
          >
             
            Too big
          </label>
        </div>
      </div>
    </div>
  </div>
  <div>
    <div
      className="product-breakdown"
    >
      <div
        className="progress-box"
      >
        <div>
           
          Comfort
           
        </div>
        <div
          className="progress-bar"
        >
          <div
            style={
              Object {
                "textAlign": "right",
                "width": "63%",
              }
            }
          >
             
            <img
              alt="downArrow_57237"
              className={null}
              data-id={null}
              onClick={null}
              src="data:image/gif;base64,R0lGODlhAQABAAAAACH5BAEKAAEALAAAAAABAAEAAAICTAEAOw=="
            />
             
          </div>
        </div>
        <div
          className="progress-filler-desc"
        >
          <label
            className="progress-desc"
          >
             
            Poor
          </label>
          <label
            className="progress-desc"
          >
             
            
          </label>
          <label
            className="progress-desc"
          >
             
            Great
          </label>
        </div>
      </div>
    </div>
  </div>
  <div>
    <div
      className="product-breakdown"
    >
      <div
        className="progress-box"
      >
        <div>
           
          Quality
           
        </div>
        <div
          className="progress-bar"
        >
          <div
            style={
              Object {
                "textAlign": "right",
                "width": "66%",
              }
            }
          >
             
            <img
              alt="downArrow_57238"
              className={null}
              data-id={null}
              onClick={null}
              src="data:image/gif;base64,R0lGODlhAQABAAAAACH5BAEKAAEALAAAAAABAAEAAAICTAEAOw=="
            />
             
          </div>
        </div>
        <div
          className="progress-filler-desc"
        >
          <label
            className="progress-desc"
          >
             
            Poor
          </label>
          <label
            className="progress-desc"
          >
             
            
          </label>
          <label
            className="progress-desc"
          >
             
            Great
          </label>
        </div>
      </div>
    </div>
  </div>
</div>
`;
