// Jest Snapshot v1, https://goo.gl/fbAQLP

exports[`Overview renders all children elements 1`] = `
<div>
  <div>
    <img
      src="test-file-stub"
      style={
        Object {
          "height": "20px",
          "width": "110px",
        }
      }
    />
    <a
      href=""
    >
      Read all 
      34
       reviews
    </a>
  </div>
  <p>
    Kicks
  </p>
  <h1>
    Heir Force Ones
  </h1>
  <p>
    $99
  </p>
  <div>
    <h4>
      A sneaker dynasty
    </h4>
    <p>
      Now where da boxes where I keep mine? You should peep mine, maybe once or twice but never three times. I'm just a sneaker pro, I love Pumas and shell toes, but can't nothin compare to a fresh crispy white pearl
    </p>
  </div>
  <div>
    <a
      href="https://www.facebook.com"
      target="_blank"
    >
      <img
        src="test-file-stub"
        style={
          Object {
            "height": "20px",
            "width": "20px",
          }
        }
      />
    </a>
    <a
      href="https://www.twitter.com"
      target="_blank"
    >
      <img
        src="test-file-stub"
        style={
          Object {
            "height": "20px",
            "width": "20px",
          }
        }
      />
    </a>
    <a
      href="https://www.pinterest.com"
      target="_blank"
    >
      <img
        src="test-file-stub"
        style={
          Object {
            "height": "20px",
            "width": "20px",
          }
        }
      />
    </a>
  </div>
</div>
`;

exports[`Overview renders all elements 1`] = `
<div>
  <div>
    <img
      src="test-file-stub"
      style={
        Object {
          "height": "20px",
          "width": "110px",
        }
      }
    />
    <a
      href=""
    >
      Read all 
      34
       reviews
    </a>
  </div>
  <p>
    Kicks
  </p>
  <h1>
    Heir Force Ones
  </h1>
  <p>
    $99
  </p>
  <div>
    <h4>
      A sneaker dynasty
    </h4>
    <p>
      Now where da boxes where I keep mine? You should peep mine, maybe once or twice but never three times. I'm just a sneaker pro, I love Pumas and shell toes, but can't nothin compare to a fresh crispy white pearl
    </p>
  </div>
  <div>
    <a
      href="https://www.facebook.com"
      target="_blank"
    >
      <img
        src="test-file-stub"
        style={
          Object {
            "height": "20px",
            "width": "20px",
          }
        }
      />
    </a>
    <a
      href="https://www.twitter.com"
      target="_blank"
    >
      <img
        src="test-file-stub"
        style={
          Object {
            "height": "20px",
            "width": "20px",
          }
        }
      />
    </a>
    <a
      href="https://www.pinterest.com"
      target="_blank"
    >
      <img
        src="test-file-stub"
        style={
          Object {
            "height": "20px",
            "width": "20px",
          }
        }
      />
    </a>
  </div>
</div>
`;
