// Jest Snapshot v1, https://goo.gl/fbAQLP

exports[`Overview matches snapshot 1`] = `
<div
  className="overview-container"
>
  <div
    className="gallery-thumbnails"
  >
    <div
      className="thumbnails-arrow fade-in up"
      data-direction="up"
      onClick={[Function]}
    >
      <img
        src="test-file-stub"
      />
    </div>
    <div
      className="gallery-thumbnails-viewport"
    >
      <div
        className="gallery-thumbnails-all"
        style={
          Object {
            "transform": "translate(0, -0px)",
          }
        }
      >
        <div
          className="gallery-thumbnail-container current-photo"
          data-index={0}
          data-thumbnail-url="https://images.unsplash.com/photo-1544441892-794166f1e3be?ixlib=rb-1.2.1&auto=format&fit=crop&w=300&q=80"
          onClick={[Function]}
        >
          <img
            className="gallery-thumbnail"
            src="https://images.unsplash.com/photo-1544441892-794166f1e3be?ixlib=rb-1.2.1&auto=format&fit=crop&w=300&q=80"
          />
        </div>
        <div
          className="gallery-thumbnail-container"
          data-index={1}
          data-thumbnail-url="https://images.unsplash.com/photo-1514590734052-344a18719611?ixlib=rb-1.2.1&ixid=eyJhcHBfaWQiOjEyMDd9&auto=format&fit=crop&w=300&q=80"
          onClick={[Function]}
        >
          <img
            className="gallery-thumbnail"
            src="https://images.unsplash.com/photo-1514590734052-344a18719611?ixlib=rb-1.2.1&ixid=eyJhcHBfaWQiOjEyMDd9&auto=format&fit=crop&w=300&q=80"
          />
        </div>
        <div
          className="gallery-thumbnail-container"
          data-index={2}
          data-thumbnail-url="https://images.unsplash.com/photo-1555274175-6cbf6f3b137b?ixlib=rb-1.2.1&auto=format&fit=crop&w=300&q=80"
          onClick={[Function]}
        >
          <img
            className="gallery-thumbnail"
            src="https://images.unsplash.com/photo-1555274175-6cbf6f3b137b?ixlib=rb-1.2.1&auto=format&fit=crop&w=300&q=80"
          />
        </div>
        <div
          className="gallery-thumbnail-container"
          data-index={3}
          data-thumbnail-url="https://images.unsplash.com/photo-1460353581641-37baddab0fa2?ixlib=rb-1.2.1&auto=format&fit=crop&w=300&q=80"
          onClick={[Function]}
        >
          <img
            className="gallery-thumbnail"
            src="https://images.unsplash.com/photo-1460353581641-37baddab0fa2?ixlib=rb-1.2.1&auto=format&fit=crop&w=300&q=80"
          />
        </div>
        <div
          className="gallery-thumbnail-container"
          data-index={4}
          data-thumbnail-url="https://images.unsplash.com/photo-1447879027584-9d17c2ca0333?ixlib=rb-1.2.1&ixid=eyJhcHBfaWQiOjEyMDd9&auto=format&fit=crop&w=300&q=80"
          onClick={[Function]}
        >
          <img
            className="gallery-thumbnail"
            src="https://images.unsplash.com/photo-1447879027584-9d17c2ca0333?ixlib=rb-1.2.1&ixid=eyJhcHBfaWQiOjEyMDd9&auto=format&fit=crop&w=300&q=80"
          />
        </div>
        <div
          className="gallery-thumbnail-container"
          data-index={5}
          data-thumbnail-url="https://images.unsplash.com/photo-1422728221357-57980993ea99?ixlib=rb-1.2.1&ixid=eyJhcHBfaWQiOjEyMDd9&auto=format&fit=crop&w=300&q=80"
          onClick={[Function]}
        >
          <img
            className="gallery-thumbnail"
            src="https://images.unsplash.com/photo-1422728221357-57980993ea99?ixlib=rb-1.2.1&ixid=eyJhcHBfaWQiOjEyMDd9&auto=format&fit=crop&w=300&q=80"
          />
        </div>
        <div
          className="gallery-thumbnail-container"
          data-index={6}
          data-thumbnail-url="https://images.unsplash.com/photo-1488778578932-0f84d315fcae?ixlib=rb-1.2.1&ixid=eyJhcHBfaWQiOjEyMDd9&auto=format&fit=crop&w=300&q=80"
          onClick={[Function]}
        >
          <img
            className="gallery-thumbnail"
            src="https://images.unsplash.com/photo-1488778578932-0f84d315fcae?ixlib=rb-1.2.1&ixid=eyJhcHBfaWQiOjEyMDd9&auto=format&fit=crop&w=300&q=80"
          />
        </div>
        <div
          className="gallery-thumbnail-container"
          data-index={7}
          data-thumbnail-url="https://images.unsplash.com/photo-1527431016-15eb83515018?ixlib=rb-1.2.1&ixid=eyJhcHBfaWQiOjEyMDd9&auto=format&fit=crop&w=300&q=80"
          onClick={[Function]}
        >
          <img
            className="gallery-thumbnail"
            src="https://images.unsplash.com/photo-1527431016-15eb83515018?ixlib=rb-1.2.1&ixid=eyJhcHBfaWQiOjEyMDd9&auto=format&fit=crop&w=300&q=80"
          />
        </div>
        <div
          className="gallery-thumbnail-container"
          data-index={8}
          data-thumbnail-url="https://images.unsplash.com/photo-1534550017194-5df79ed78967?ixlib=rb-1.2.1&ixid=eyJhcHBfaWQiOjEyMDd9&auto=format&fit=crop&w=300&q=80"
          onClick={[Function]}
        >
          <img
            className="gallery-thumbnail"
            src="https://images.unsplash.com/photo-1534550017194-5df79ed78967?ixlib=rb-1.2.1&ixid=eyJhcHBfaWQiOjEyMDd9&auto=format&fit=crop&w=300&q=80"
          />
        </div>
        <div
          className="gallery-thumbnail-container"
          data-index={9}
          data-thumbnail-url="https://images.unsplash.com/photo-1525896650794-60ad4ec40d0e?ixlib=rb-1.2.1&ixid=eyJhcHBfaWQiOjEyMDd9&auto=format&fit=crop&w=300&q=80"
          onClick={[Function]}
        >
          <img
            className="gallery-thumbnail"
            src="https://images.unsplash.com/photo-1525896650794-60ad4ec40d0e?ixlib=rb-1.2.1&ixid=eyJhcHBfaWQiOjEyMDd9&auto=format&fit=crop&w=300&q=80"
          />
        </div>
        <div
          className="gallery-thumbnail-container"
          data-index={10}
          data-thumbnail-url="https://images.unsplash.com/photo-1560857792-215f9e3534ed?ixlib=rb-1.2.1&ixid=eyJhcHBfaWQiOjEyMDd9&auto=format&fit=crop&w=300&q=80"
          onClick={[Function]}
        >
          <img
            className="gallery-thumbnail"
            src="https://images.unsplash.com/photo-1560857792-215f9e3534ed?ixlib=rb-1.2.1&ixid=eyJhcHBfaWQiOjEyMDd9&auto=format&fit=crop&w=300&q=80"
          />
        </div>
      </div>
    </div>
    <div
      className="thumbnails-arrow fade-in down"
      data-direction="down"
      onClick={[Function]}
    >
      <img
        src="test-file-stub"
      />
    </div>
  </div>
  <div
    className="main-image-pane"
  >
    <img
      className="main-image"
      src="https://images.unsplash.com/photo-1544441892-794166f1e3be?ixlib=rb-1.2.1&auto=format&fit=crop&w=1650&q=80"
    />
    <div
      className="main-image-arrow fade-in right"
      data-direction="right"
      onClick={[Function]}
    >
      <img
        src="test-file-stub"
      />
    </div>
  </div>
  <div
    className="product-details"
  >
    <div>
      <img
        src="test-file-stub"
        style={
          Object {
            "height": "20px",
            "width": "110px",
          }
        }
      />
      <a
        href=""
      >
        Read all 
        31
         reviews
      </a>
    </div>
    <h5>
      Kicks
    </h5>
    <h1>
      Heir Force Ones
    </h1>
    <h5>
      $99
    </h5>
    <div>
      <h4>
        STYLE &gt; 
        <span>
          White & White
        </span>
      </h4>
      <table>
        <tbody>
          <tr>
            <td
              style={
                Object {
                  "position": "relative",
                }
              }
            >
              <img
                alt="style_thumbnail_90275"
                className="style-thumbnail"
                data-id={90275}
                onClick={[Function]}
                src="https://images.unsplash.com/photo-1544441892-794166f1e3be?ixlib=rb-1.2.1&auto=format&fit=crop&w=300&q=80"
              />
              <div
                className="small-circle-checkmark"
              />
            </td>
            <td
              style={
                Object {
                  "position": "relative",
                }
              }
            >
              <img
                alt="style_thumbnail_90276"
                className="style-thumbnail"
                data-id={90276}
                onClick={[Function]}
                src="https://images.unsplash.com/photo-1542280756-74b2f55e73ab?ixlib=rb-1.2.1&auto=format&fit=crop&w=300&q=80"
              />
            </td>
            <td
              style={
                Object {
                  "position": "relative",
                }
              }
            >
              <img
                alt="style_thumbnail_90277"
                className="style-thumbnail"
                data-id={90277}
                onClick={[Function]}
                src="https://images.unsplash.com/photo-1542702942-161ceb2e3d91?ixlib=rb-1.2.1&ixid=eyJhcHBfaWQiOjEyMDd9&auto=format&fit=crop&w=300&q=80"
              />
            </td>
            <td
              style={
                Object {
                  "position": "relative",
                }
              }
            >
              <img
                alt="style_thumbnail_90278"
                className="style-thumbnail"
                data-id={90278}
                onClick={[Function]}
                src="https://images.unsplash.com/photo-1542272454315-4c01d7abdf4a?ixlib=rb-1.2.1&auto=format&fit=crop&w=300&q=80"
              />
            </td>
          </tr>
        </tbody>
      </table>
    </div>
    <div
      className="cart-controls"
    >
      <label
        htmlFor="size-select"
      />
      <select
        aria-label="size-select"
        disabled={false}
        id="size-select"
        onChange={[Function]}
        readOnly={true}
        value=""
      >
        <option
          readOnly={true}
          value=""
        >
          SELECT SIZE
        </option>
        <option
          value="522166"
        >
          7
        </option>
        <option
          value="522167"
        >
          7.5
        </option>
        <option
          value="522168"
        >
          8
        </option>
        <option
          value="522169"
        >
          8.5
        </option>
        <option
          value="522170"
        >
          9
        </option>
        <option
          value="522171"
        >
          9.5
        </option>
        <option
          value="522172"
        >
          10
        </option>
        <option
          value="522173"
        >
          10.5
        </option>
        <option
          value="522174"
        >
          11
        </option>
        <option
          value="522175"
        >
          11.5
        </option>
        <option
          value="522176"
        >
          12
        </option>
      </select>
      <label
        htmlFor="quantity-select"
      />
      <select
        disabled={true}
        id="quantity-select"
        onChange={[Function]}
      >
        <option
          value=""
        >
          -
        </option>
      </select>
      <button
        onClick={[Function]}
      >
        Add to Cart
      </button>
    </div>
  </div>
  <div
    className="product-description"
  >
    <div>
      <h4>
        A sneaker dynasty
      </h4>
      <p>
        Now where da boxes where I keep mine? You should peep mine, maybe once or twice but never three times. I'm just a sneaker pro, I love Pumas and shell toes, but can't nothin compare to a fresh crispy white pearl
      </p>
    </div>
    <div>
      <a
        href="https://www.facebook.com"
        target="_blank"
      >
        <img
          className="social-media-button"
          src="test-file-stub"
        />
      </a>
      <a
        href="https://www.twitter.com"
        target="_blank"
      >
        <img
          className="social-media-button"
          src="test-file-stub"
        />
      </a>
      <a
        href="https://www.pinterest.com"
        target="_blank"
      >
        <img
          className="social-media-button"
          src="test-file-stub"
        />
      </a>
    </div>
  </div>
</div>
`;
